Reading table at ../../../../kernel/tests/data/table-with-column-defaults/
version: 0

Schema:
├─ id: integer
├─ status: string
├─ ts: timestamp
└─ amount: decimal(10)(2)

Column defaults:
  to materialize before writing:
    amount: 4.95 [literal]
    status: 'pending' [literal]
    ts: current_timestamp() [non-literal]
    (3 total)

[No data]
