Reading change data feed from ../../../../acceptance/tests/dat/out/reader_tests/generated/cdf/delta/
  requested start_version: 1
  requested end_version:   1
TableChanges:
  table_root:    file://<DAT>/out/reader_tests/generated/cdf/delta/
  start_version: 1
  end_version:   1
Scan:
  table_root: file://<DAT>/out/reader_tests/generated/cdf/delta/
CDF batches:
  batch 0: 5 rows
Total: 1 batches, 5 rows
